
============================================================
  tinyxml2 8.0.0
============================================================
already installed, skipping

============================================================
  freetype 2.13.0
============================================================
already installed, skipping

============================================================
  mmg 5.3.9
============================================================
already installed, skipping

============================================================
  hdf5 1.14.3
============================================================
already installed, skipping

============================================================
  gdcm 3.0.10
============================================================
already installed, skipping

============================================================
  small libs done
============================================================
