[  0%] Built target dcmdump-copy
[  0%] Built target dcmodify-copy
[  1%] Copying dicom2 to /work/build/SimVascular-build/bin/dicom2
[  1%] Built target _simvascular_thirdparty_tetgen
[  2%] Built target _simvascular_thirdparty_zlib
[  3%] Built target _simvascular_vtksvio
[  4%] Built target _simvascular_utils
[  4%] Built target _simvascular_vtksvcommon
[  8%] Built target _simvascular_thirdparty_vmtk
[  9%] Built target _simvascular_module_imageprocessing
[ 10%] Built target _simvascular_module_multiphysics
[ 10%] Built target _simvascular_module_ml
[ 10%] Built target dicom2-copy
[ 10%] Built target _simvascular_thirdparty_solverio
[ 11%] Built target _simvascular_repository
[ 12%] Built target _simvascular_vtksvgeometry
[ 14%] Built target _simvascular_vtksvmisc
[ 15%] Built target _simvascular_vtksvboolean
Consolidate compiler generated dependencies of target _simvascular_vmtk_utils
[ 15%] Built target _simvascular_solid
[ 15%] Built target _simvascular_post
[ 17%] Built target _simvascular_vtksvnurbs
[ 17%] Built target _simvascular_vmtk_utils
[ 18%] Built target _simvascular_itk_lset
[ 18%] Built target _simvascular_mesh
[ 19%] Built target _simvascular_geom
[ 20%] Built target _simvascular_vtksvparameterization
[ 20%] Built target _simvascular_adaptor
[ 21%] Built target _simvascular_polydata_solid
[ 21%] Built target _simvascular_common
[ 21%] Built target _simvascular_image
[ 22%] Built target _simvascular_vtksvsegmentation
[ 22%] Built target _simvascular_opencascade_solid
[ 22%] Built target _simvascular_mmg_mesh
[ 23%] Built target _simvascular_path
Consolidate compiler generated dependencies of target _simvascular_tetgen_mesh
[ 23%] Building CXX object Source/sv/Mesh/TetGenMeshObject/CMakeFiles/_simvascular_tetgen_mesh.dir/sv_TetGenMeshObject.cxx.o
[ 24%] Built target _simvascular_module_common
[ 25%] Built target _simvascular_segmentation
[ 26%] Built target _simvascular_module_path
[ 29%] Built target _simvascular_module_segmentation
[ 29%] Built target _simvascular_module_qtwidgets
[ 31%] Built target _simvascular_module_model
[ 32%] Built target _simvascular_module_model_occt
[ 33%] Linking CXX shared library ../../../../lib/lib_simvascular_tetgen_mesh.so
[ 33%] Built target _simvascular_tetgen_mesh
Consolidate compiler generated dependencies of target _simvascular_tetgen_adaptor
[ 33%] Linking CXX shared library ../../../../lib/lib_simvascular_tetgen_adaptor.so
[ 33%] Built target _simvascular_tetgen_adaptor
[ 33%] Linking CXX shared library ../../../../../lib/lib_simvascular_module_mesh.so
[ 34%] Built target _simvascular_module_mesh
[ 34%] Linking CXX shared library ../../../../lib/lib_simvascular_module_rom_simulation.so
[ 34%] Linking CXX shared library ../../../../lib/lib_simvascular_module_simulation.so
[ 35%] Built target _simvascular_module_rom_simulation
[ 36%] Built target _simvascular_module_simulation
[ 36%] Linking CXX shared library ../../../../lib/lib_simvascular_module_projectmanagement.so
[ 38%] Built target _simvascular_module_projectmanagement
[ 38%] Linking CXX shared library ../../../../lib/plugins/liborg_sv_projectdatanodes.so
[ 38%] Linking CXX shared library ../../../../lib/plugins/liborg_sv_gui_qt_datamanager.so
[ 38%] Linking CXX shared library ../../../../lib/plugins/liborg_sv_gui_qt_projectmanager.so
[ 39%] Built target org_sv_projectdatanodes
[ 42%] Built target org_sv_gui_qt_projectmanager
[ 46%] Built target org_sv_gui_qt_datamanager
[ 46%] Generating ui_sv4gui_MeshEdit.h
[ 46%] Generating moc_sv4gui_MeshEdit.cpp
Detected locale "C" with character encoding "ANSI_X3.4-1968", which is not UTF-8.
Qt depends on a UTF-8 locale, and has switched to "C.UTF-8" instead.
If this causes problems, reconfigure your locale. See the locale(1) manual
for more information.
[ 46%] Linking CXX shared library ../../../../lib/plugins/liborg_sv_gui_qt_pathplanning.so
[ 46%] Linking CXX shared library ../../../../lib/plugins/liborg_sv_gui_qt_multiphysics.so
[ 46%] Linking CXX shared library ../../../../lib/plugins/liborg_sv_gui_qt_imageprocessing.so
[ 46%] Linking CXX shared library ../../../../lib/plugins/liborg_sv_gui_qt_simulation.so
[ 46%] Linking CXX shared library ../../../../lib/plugins/liborg_sv_gui_qt_mitksegmentation.so
[ 46%] Linking CXX shared library ../../../../lib/plugins/liborg_sv_gui_qt_segmentation.so
[ 46%] Linking CXX shared library ../../../../lib/plugins/liborg_sv_gui_qt_application.so
[ 53%] Built target org_sv_gui_qt_simulation
[ 58%] Built target org_sv_gui_qt_segmentation
[ 61%] Built target org_sv_gui_qt_pathplanning
[ 65%] Built target org_sv_gui_qt_imageprocessing
[ 73%] Built target org_sv_gui_qt_application
[ 74%] Built target org_sv_gui_qt_multiphysics
[ 80%] Built target org_sv_gui_qt_mitksegmentation
[ 80%] Linking CXX shared library ../../../../lib/plugins/liborg_sv_gui_qt_modeling.so
[ 85%] Built target org_sv_gui_qt_modeling
[ 85%] Linking CXX shared library ../../../../lib/plugins/liborg_sv_gui_qt_romsimulation.so
[ 93%] Built target org_sv_gui_qt_romsimulation
[ 93%] Linking CXX shared library ../../lib/lib_simvascular_python_api.so
[ 94%] Built target _simvascular_python_api
[ 94%] Linking CXX shared library ../../../../lib/plugins/liborg_sv_pythondatanodes.so
[ 95%] Built target org_sv_pythondatanodes
[ 96%] Linking CXX executable ../../bin/simvascular
[ 96%] Built target simvascular
[ 96%] Building CXX object Source/sv4gui/Plugins/org.sv.gui.qt.meshing/CMakeFiles/org_sv_gui_qt_meshing.dir/sv4gui_MeshEdit.cxx.o
[ 96%] Building CXX object Source/sv4gui/Plugins/org.sv.gui.qt.meshing/CMakeFiles/org_sv_gui_qt_meshing.dir/sv4gui_VtkMeshSphereWidget.cxx.o
[ 96%] Building CXX object Source/sv4gui/Plugins/org.sv.gui.qt.meshing/CMakeFiles/org_sv_gui_qt_meshing.dir/sv4gui_MeshingPluginActivator.cxx.o
[ 96%] Building CXX object Source/sv4gui/Plugins/org.sv.gui.qt.meshing/CMakeFiles/org_sv_gui_qt_meshing.dir/moc_sv4gui_MeshEdit.cpp.o
[ 97%] Linking CXX shared library ../../../../lib/plugins/liborg_sv_gui_qt_meshing.so
[100%] Built target org_sv_gui_qt_meshing
