Reading plugin paths SV_PLUGIN_PATH environment variable...


[Mon Sep 21 11:09:26 2026 
2.198] Logfile: /home/sv/.local/share/SimVascular/SimVascularApplication_1346365552482340104/data/9/mitk-0.log
[2.201] OpenCASCADE module loaded.
sv4guiDataManagerPluginActivator::start()
sv4guiMeshingPluginActivator::start()
[2.542] BlueBerry Workbench ready
Expand
Expand
Expand
Expand
!33.833! WARNING: QPainter::end: Painter ended with 2 saved states
!33.834! WARNING: QPainter::end: Painter ended with 2 saved states
!33.834! WARNING: QPainter::end: Painter ended with 2 saved states
!34.953! WARNING: QPainter::end: Painter ended with 2 saved states
!34.953! WARNING: QPainter::end: Painter ended with 2 saved states
!34.953! WARNING: QPainter::end: Painter ended with 2 saved states
!35.013! WARNING: QPainter::end: Painter ended with 2 saved states
!35.014! WARNING: QPainter::end: Painter ended with 2 saved states
!35.014! WARNING: QPainter::end: Painter ended with 2 saved states
Getting sizing function Surface
Surface triangle quality (before surface remesh), aspect ratio (1.0 is an equilateral triangle):
  Number of triangles: 4218044
  Min / Avg / Max: 1.000 / 1.157 / 46.986
  Aspect ratio > 10: 1, > 30: 1, > 100: 0
  aspect ratio 46.986 at (4.27209, -25.5107, 74.2352), edges 0.122389 0.160426 0.282619
Remeshing surface with MMG...
  -- MMGS, Release 5.3.8 (Apr. 10, 2017) 
     Copyright (c) IMB-LJLL, 2004-
     Jul  6 2026 02:09:01

  -- MMGS: INPUT DATA
  --  INPUT DATA COMPLETED.     0.000s

  &&&&&&&&&&&&&&&&&&&&&&&&&&&&&&&&&&&&&&&&&&&&&&&&&&&&&&&&&&&&
   MODULE MMGS: IMB-LJLL : 5.3.8 (Apr. 10, 2017)
  &&&&&&&&&&&&&&&&&&&&&&&&&&&&&&&&&&&&&&&&&&&&&&&&&&&&&&&&&&&&

  -- PHASE 1 : ANALYSIS

  -- MESH QUALITY   4218044
     BEST   1.000000  AVRG.   0.980352  WRST.   0.042291 (2666216)
  -- PHASE 1 COMPLETED.     3.346s

  -- PHASE 2 : ISOTROPIC MESHING
         3479 splitted,  1857468 collapsed,    93845 swapped, 5 iter.

  -- GRADATION : 1.300000
          108 splitted,        4 collapsed,       52 swapped, 3 iter.
        32866 splitted,   106774 collapsed,    25987 swapped,  4129506 moved, 2 iter. 
  -- PHASE 2 COMPLETED.     12.520s

  &&&&&&&&&&&&&&&&&&&&&&&&&&&&&&&&&&&&&&&&&&&&&&&&&&&&&&&&&&&&
   END OF MODULE MMGS: IMB-LJLL 
  &&&&&&&&&&&&&&&&&&&&&&&&&&&&&&&&&&&&&&&&&&&&&&&&&&&&&&&&&&&&

  -- MESH QUALITY   359700
     BEST   1.000000  AVRG.   0.972476  WRST.   0.337035 (296378)

  -- MESH PACKED UP
     NUMBER OF VERTICES     179844   CORNERS       10
     NUMBER OF TRIANGLES    359700
     NUMBER OF EDGES          1658   RIDGES      1658

   MMGSLIB: ELAPSED TIME  15.929s
Surface triangle quality (after surface remesh), aspect ratio (1.0 is an equilateral triangle):
  Number of triangles: 356293
  Min / Avg / Max: 1.000 / 1.209 / 5.750
  Aspect ratio > 10: 0, > 30: 0, > 100: 0
Checking surface mesh
Regions: 1
Number of Free Edges on Surface: 481
Number of Non-Manifold Edges on Surface: 0
[GenerateBoundaryLayerMesh] 
[GenerateBoundaryLayerMesh] ========== cvTetGenMeshObject::GenerateBoundaryLayerMesh ==========
[GenerateBoundaryLayerMesh] markerListName: CellEntityIds
Surface triangle quality (fluid/wall interface surface), aspect ratio (1.0 is an equilateral triangle):
  Number of triangles: 356293
  Min / Avg / Max: 1.000 / 1.209 / 5.750
  Aspect ratio > 10: 0, > 30: 0, > 100: 0
[GenerateBoundaryLayerMesh] negateWarpVectors: 1
[GenerateBoundaryLayerMesh] useConstantThickness: 0
[GenerateBoundaryLayerMesh] boundarylayermesh_ has point normals.
Fluid boundary layer options in effect: MaxEdgeSize 0.1953, BLThicknessFactor 0.8, constant thickness 0 (total layer thickness 0.15624), NumSubLayers 3, SubLayerRatio 0.5
Concave curvature vs requested thickness (t/R, before any thickness reduction) [fluid boundary layer, inward]:
  concave points: 178318 of 178367; points with t/R >= 1 / 2 / 4: 0/0/0
  t/R > 1 means the extruded outer surface must self-intersect there whatever the extrusion does;
  points using a near-degenerate triangle (altitude < 0.05 of the longest edge): 0
  no point requests a thickness above its concave radius of curvature
0 tangle triangles found
Wall extrusion depression (warp tilt from outward normal): points tilted >15/30/45 deg: 0/0/0 of 178367
Wall mesh options in effect: WallThickness 0.5, CurvatureFactor 0, SmoothingIterations 0, NumberOfWallLayers 2
Concave curvature vs requested thickness (t/R, before any thickness reduction) [solid wall, outward]:
  concave points: 62400 of 178367; points with t/R >= 1 / 2 / 4: 98/2/0
  t/R > 1 means the extruded outer surface must self-intersect there whatever the extrusion does;
  points using a near-degenerate triangle (altitude < 0.05 of the longest edge): 0
  concave regions with t/R >= 1: 15 in total (separated by 8.012), worst 8 shown:
    [1] t/R 2.15 (t 0.385, R_typical 0.17934, R_smallest 0.073397) at (-9.1889, -34.576, 65.894), 6 points
    [2] t/R 2.09 (t 0.185, R_typical 0.08868, R_smallest 0.068799) at (-4.0021, -30.201, 71.469), 9 points
    [3] t/R 1.87 (t 0.615, R_typical 0.32901, R_smallest 0.16183) at (-38.138, -27.592, -95.672), 19 points
    [4] t/R 1.58 (t 0.14, R_typical 0.088713, R_smallest 0.057492) at (3.5949, -34.01, 74.193), 3 points
    [5] t/R 1.5 (t 0.615, R_typical 0.41068, R_smallest 0.2588) at (22.347, -43.004, -90.698), 13 points
    [6] t/R 1.48 (t 1.025, R_typical 0.69381, R_smallest 0.58796) at (12.01, -22.689, -172.04), 14 points
    [7] t/R 1.43 (t 0.34, R_typical 0.23826, R_smallest 0.14433) at (7.9922, -37.265, 66.262), 3 points
    [8] t/R 1.39 (t 0.825, R_typical 0.59485, R_smallest 0.37394) at (-31.535, -36.262, -149.84), 9 points
    ... 22 further points with t/R >= 1 in the remaining 7 regions
Thickness gradation limit (max change 0.5 per unit distance) [requested wall thickness]: lowered 756 of 178367 points; largest reduction 0.1952 at (8.4892, -36.323, 66.055) (0.5 -> 0.3048)
Wall thickness reduction (final vs requested): points below 90%/50%/25%: 432/0/0 of 178367
  thinned regions: 7 in total (separated by 8.012), worst 7 shown:
    [1] ratio 0.598 (final 0.21513 / requested 0.36) at (-17.344, -34.98, 77.22), 135 points
    [2] ratio 0.610 (final 0.3048 / requested 0.5) at (8.4892, -36.323, 66.055), 35 points
    [3] ratio 0.645 (final 0.17428 / requested 0.27) at (-4.5143, -30.355, 71.017), 56 points
    [4] ratio 0.646 (final 0.14851 / requested 0.23) at (15.983, -33.12, 77.042), 143 points
    [5] ratio 0.786 (final 0.66785 / requested 0.85) at (-38.59, -26.192, -95.756), 27 points
    [6] ratio 0.809 (final 0.4045 / requested 0.5) at (-9.065, -34.602, 65.923), 16 points
    [7] ratio 0.826 (final 0.70187 / requested 0.85) at (18.978, -46.621, -93.931), 20 points
  wrote wall_diagnostics.vtp in /work
Wall outer surface as the offset of the interface, contoured from the distance field:
  178367 interface points and 356293 triangles
  offset surface: the distance field: the interface, its collars and their search grid
  offset surface: the point cloud and the field on its outer layer
  offset surface: the Delaunay tetrahedralization of the cloud
  offset surface: marching tetrahedra over the cloud
  offset surface: the decimation of the contour to the interface's size
  wrote wall_outer_offset.vtp in /work
  thickness 0.1 to 1.2; 14 cap rims continued by collars of 962 triangles
  the field was sampled on 716354 points (the interface and its offsets at 0.5, 1.5 and 3 of the thickness, the last no nearer than 1.5 edges) in 5887413 tetrahedra, 1521231 of them cut by the zero level; 2.6 s for the field, 3.0 s for the tetrahedra
  the contour had 1159126 points and 2318292 triangles (4.0 s); 873890 edges collapsed onto the zero level to the interface's own size, leaving 285236 points and 570512 triangles (33.1 s); 3348593 field evaluations in all
  0 boundary edges before the trim at the caps (the domes over the collar ends come off with it), 0 edges on more than two triangles, 0 traversed the same way twice, 0 triangles passing through another; 44.4 s
The trimmed offset surface has 1 rims but the wall has 14 cap openings. A cut has taken more than the dome off its end, which happens when a vessel curves back within a rim radius of another vessel's cap.
  rim 0: 70 points, centre (-7.3406, -29.894, 73.201), radius 0.40771; flattest against the cap at (-7.3439, -29.897, 73.208), off its plane by 5.5688e-10 against that cap's rim radius 0.30538 -- on that plane
  wrote wall_offset_trimmed.vtp in /work
  the trimmed surface has been written to wall_offset_trimmed.vtp
Problem trimming the outer wall offset surface at the cap planes
Problem with vessel wall meshing
