Reading plugin paths SV_PLUGIN_PATH environment variable...


[Mon Sep 28 01:30:40 2026 
2.166] Logfile: /home/sv/.local/share/SimVascular/SimVascularApplication_1346365552482340104/data/9/mitk-0.log
[2.170] OpenCASCADE module loaded.
sv4guiDataManagerPluginActivator::start()
sv4guiMeshingPluginActivator::start()
[2.507] BlueBerry Workbench ready
Expand
Expand
Expand
Expand
!31.376! WARNING: QPainter::end: Painter ended with 2 saved states
!31.376! WARNING: QPainter::end: Painter ended with 2 saved states
!31.376! WARNING: QPainter::end: Painter ended with 2 saved states
!32.357! WARNING: QPainter::end: Painter ended with 2 saved states
!32.358! WARNING: QPainter::end: Painter ended with 2 saved states
!32.358! WARNING: QPainter::end: Painter ended with 2 saved states
!32.414! WARNING: QPainter::end: Painter ended with 2 saved states
!32.414! WARNING: QPainter::end: Painter ended with 2 saved states
!32.414! WARNING: QPainter::end: Painter ended with 2 saved states
Getting sizing function Surface
Surface triangle quality (before surface remesh), aspect ratio (1.0 is an equilateral triangle):
  Number of triangles: 4218044
  Min / Avg / Max: 1.000 / 1.157 / 46.986
  Aspect ratio > 10: 1, > 30: 1, > 100: 0
  aspect ratio 46.986 at (4.27209, -25.5107, 74.2352), edges 0.122389 0.160426 0.282619
Remeshing surface with MMG...
  -- MMGS, Release 5.3.8 (Apr. 10, 2017) 
     Copyright (c) IMB-LJLL, 2004-
     Jul  6 2026 02:09:01

  -- MMGS: INPUT DATA
  --  INPUT DATA COMPLETED.     0.000s

  &&&&&&&&&&&&&&&&&&&&&&&&&&&&&&&&&&&&&&&&&&&&&&&&&&&&&&&&&&&&
   MODULE MMGS: IMB-LJLL : 5.3.8 (Apr. 10, 2017)
  &&&&&&&&&&&&&&&&&&&&&&&&&&&&&&&&&&&&&&&&&&&&&&&&&&&&&&&&&&&&

  -- PHASE 1 : ANALYSIS

  -- MESH QUALITY   4218044
     BEST   1.000000  AVRG.   0.980352  WRST.   0.042291 (2666216)
  -- PHASE 1 COMPLETED.     3.017s

  -- PHASE 2 : ISOTROPIC MESHING
        78112 splitted,  1499785 collapsed,    78452 swapped, 5 iter.

  -- GRADATION : 1.300000
         1065 splitted,       28 collapsed,       64 swapped, 3 iter.
        90659 splitted,   356083 collapsed,    26568 swapped,  9421952 moved, 2 iter. 
  -- PHASE 2 COMPLETED.     24.449s

  &&&&&&&&&&&&&&&&&&&&&&&&&&&&&&&&&&&&&&&&&&&&&&&&&&&&&&&&&&&&
   END OF MODULE MMGS: IMB-LJLL 
  &&&&&&&&&&&&&&&&&&&&&&&&&&&&&&&&&&&&&&&&&&&&&&&&&&&&&&&&&&&&

  -- MESH QUALITY   896556
     BEST   1.000000  AVRG.   0.971258  WRST.   0.231795 (879789)

  -- MESH PACKED UP
     NUMBER OF VERTICES     448272   CORNERS       10
     NUMBER OF TRIANGLES    896556
     NUMBER OF EDGES          2430   RIDGES      2430

   MMGSLIB: ELAPSED TIME  27.576s
Surface triangle quality (after surface remesh), aspect ratio (1.0 is an equilateral triangle):
  Number of triangles: 888201
  Min / Avg / Max: 1.000 / 1.213 / 8.421
  Aspect ratio > 10: 0, > 30: 0, > 100: 0
Checking surface mesh
Regions: 1
Number of Free Edges on Surface: 695
Number of Non-Manifold Edges on Surface: 0
[GenerateBoundaryLayerMesh] 
[GenerateBoundaryLayerMesh] ========== cvTetGenMeshObject::GenerateBoundaryLayerMesh ==========
[GenerateBoundaryLayerMesh] markerListName: CellEntityIds
Surface triangle quality (fluid/wall interface surface), aspect ratio (1.0 is an equilateral triangle):
  Number of triangles: 888201
  Min / Avg / Max: 1.000 / 1.213 / 8.421
  Aspect ratio > 10: 0, > 30: 0, > 100: 0
[GenerateBoundaryLayerMesh] negateWarpVectors: 1
[GenerateBoundaryLayerMesh] useConstantThickness: 0
[GenerateBoundaryLayerMesh] boundarylayermesh_ has point normals.
Fluid boundary layer options in effect: MaxEdgeSize 0.1953, BLThicknessFactor 0.8, constant thickness 0 (total layer thickness 0.15624), NumSubLayers 3, SubLayerRatio 0.5
Concave curvature vs requested thickness (t/R, before any thickness reduction) [fluid boundary layer, inward]:
  concave points: 444242 of 444428; points with t/R >= 1 / 2 / 4: 0/0/0
  t/R > 1 means the extruded outer surface must self-intersect there whatever the extrusion does;
  points using a near-degenerate triangle (altitude < 0.05 of the longest edge): 0
  no point requests a thickness above its concave radius of curvature
0 tangle triangles found
Wall extrusion depression (warp tilt from outward normal): points tilted >15/30/45 deg: 0/0/0 of 444428
Wall mesh options in effect: WallThickness 0.5, CurvatureFactor 0, SmoothingIterations 0, NumberOfWallLayers 3
Concave curvature vs requested thickness (t/R, before any thickness reduction) [solid wall, outward]:
  concave points: 155494 of 444428; points with t/R >= 1 / 2 / 4: 270/2/0
  t/R > 1 means the extruded outer surface must self-intersect there whatever the extrusion does;
  points using a near-degenerate triangle (altitude < 0.05 of the longest edge): 0
  concave regions with t/R >= 1: 23 in total (separated by 8.012), worst 8 shown:
    [1] t/R 2.46 (t 0.615, R_typical 0.25027, R_smallest 0.17307) at (-37.999, -27.894, -95.685), 28 points
    [2] t/R 2.24 (t 0.615, R_typical 0.27487, R_smallest 0.19032) at (22.59, -43.028, -90.82), 20 points
    [3] t/R 1.93 (t 0.185, R_typical 0.095792, R_smallest 0.057058) at (-4.1857, -30.123, 71.498), 11 points
    [4] t/R 1.88 (t 1, R_typical 0.53312, R_smallest 0.49049) at (-3.2667, -18.733, -177.7), 25 points
    [5] t/R 1.88 (t 0.825, R_typical 0.43985, R_smallest 0.37062) at (-31.349, -36.111, -149.46), 11 points
    [6] t/R 1.76 (t 0.385, R_typical 0.21898, R_smallest 0.16571) at (-9.2199, -34.288, 65.942), 6 points
    [7] t/R 1.75 (t 0.935, R_typical 0.53477, R_smallest 0.40229) at (25.535, -7.364, -168.57), 21 points
    [8] t/R 1.7 (t 0.485, R_typical 0.28502, R_smallest 0.18638) at (-26.571, -0.56279, -151.9), 16 points
    ... 132 further points with t/R >= 1 in the remaining 15 regions
Thickness gradation limit (max change 0.5 per unit distance) [requested wall thickness]: lowered 1580 of 444428 points; largest reduction 0.34735 at (13.091, -34.898, 75.338) (0.5 -> 0.15265)
Thickness gradation limit (max change 0.5 per unit distance) [final wall extrusion length]: lowered 620 of 444428 points; largest reduction 0.53799 at (27.053, -7.4705, -168.92) (1.2 -> 0.66201)
Wall thickness reduction (final vs requested): points below 90%/50%/25%: 2263/546/2 of 444428
  thinned regions: 25 in total (separated by 8.012), worst 8 shown:
    [1] ratio 0.178 (final 0.064 / requested 0.36) at (16.005, -33.954, 78.371), 360 points
    [2] ratio 0.229 (final 0.19456 / requested 0.85) at (-38.418, -26.6, -95.544), 191 points
    [3] ratio 0.286 (final 0.2432 / requested 0.85) at (22.578, -42.789, -90.646), 165 points
    [4] ratio 0.287 (final 0.192 / requested 0.67) at (17.897, -12.831, -148.78), 184 points
    [5] ratio 0.287 (final 0.11059 / requested 0.385) at (-9.5307, -35.19, 65.868), 46 points
    [6] ratio 0.317 (final 0.1536 / requested 0.485) at (-26.653, -0.88105, -151.47), 170 points
    [7] ratio 0.337 (final 0.064 / requested 0.19) at (-1.9147, -38.653, 80.48), 57 points
    [8] ratio 0.341 (final 0.4096 / requested 1.2) at (-1.8488, -19.501, -176.48), 84 points
    ... 1006 further thinned points in the remaining 17 regions
Achieved thickness (outer point to the whole inner surface, vs requested) [solid wall, outward]:
  points below 90%/50%/25%: 2707/785/67 of 444428 measured
  this is the wall actually produced; the extrusion length reported separately is an upper bound on it
  regions below 90%: 32 in total (separated by 8.012), worst 8 shown:
    [1] ratio 0.014 (achieved 0.0042653 / requested 0.3, extruded 0.28995) at (5.4205, -21.315, 21.21), 89 points
    [2] ratio 0.026 (achieved 0.022054 / requested 0.85, extruded 0.37642) at (-37.803, -28.097, -95.455), 203 points
    [3] ratio 0.143 (achieved 0.088102 / requested 0.615, extruded 0.19456) at (21.388, -43.075, -90.498), 168 points
    [4] ratio 0.154 (achieved 0.15438 / requested 1, extruded 0.512) at (-0.91318, -21.738, -176.02), 105 points
    [5] ratio 0.157 (achieved 0.028963 / requested 0.185, extruded 0.08) at (-4.1857, -30.123, 71.498), 104 points
    [6] ratio 0.161 (achieved 0.080602 / requested 0.5, extruded 0.24931) at (-9.0493, -34.906, 65.891), 60 points
    [7] ratio 0.177 (achieved 0.063805 / requested 0.36, extruded 0.064) at (16.005, -33.954, 78.371), 362 points
    [8] ratio 0.199 (achieved 0.20367 / requested 1.025, extruded 0.4352) at (10.202, -19.889, -170.77), 61 points
    ... 1555 further points in the remaining 24 regions
  wrote wall_diagnostics.vtp in /work
4 tangle triangles found
untangle procedure.. 
2 tangle triangles found
0 tangle triangles found
try last : 0 tangle triangles found
Wall extrusion depression (warp tilt from outward normal): points tilted >15/30/45 deg: 12/0/0 of 444428
  tilted regions: 6 in total (separated by 8.012), worst 6 shown:
    [1] tilt 24.6558 deg at (-2.08106, -38.8221, 80.6066), 2 points
    [2] tilt 18.7663 deg at (14.5032, -36.332, 76.2919), 5 points
    [3] tilt 17.584 deg at (-15.9578, -34.292, 76.1479), 2 points
    [4] tilt 16.538 deg at (10.2024, -19.8891, -170.77), 1 points
    [5] tilt 15.4779 deg at (21.3876, -43.0748, -90.4982), 1 points
    [6] tilt 15.3159 deg at (3.26657, -20.7713, 23.3651), 1 points
Getting sizing function caps
Got function caps
Iteration 1/10
Iteration 2/10
Iteration 3/10
Iteration 4/10
Iteration 5/10
Iteration 6/10
Iteration 7/10
Iteration 8/10
Iteration 9/10
Iteration 10/10
Final mesh improvement
Converting to TetGen...
Adding mesh sizing metric...
TetGen Meshing Started...
Delaunizing vertices...
Delaunay seconds:  1.48491
Creating surface mesh ...
Surface mesh seconds:  0.761353
Recovering boundaries...
Boundary recovery seconds:  2.57326
Removing exterior tetrahedra ...
Exterior tets removal seconds:  1.08515
Recovering Delaunayness...
Delaunay recovery seconds:  0.719898
Refining mesh...
Refinement seconds:  109.242
Optimizing mesh...
Optimization seconds:  6.54636

Writing nodes.
Writing elements.
Writing faces.
Writing edges.
Writing metrics.
Writing neighbors.

Output seconds:  2.39758
Total running seconds:  124.815

Statistics:

  Input points: 447689
  Input facets: 895390
  Input holes: 0
  Input regions: 0

  Mesh points: 3450250
  Mesh tetrahedra: 20468594
  Mesh faces: 41384883
  Mesh faces on facets: 895390
  Mesh edges on segments: 1343085
  Steiner points inside domain: 3002561

TetGen Meshing Finished...
Note: the NewRegionBoundaryLayer option is ignored when generating a wall mesh
Appending Boundary Layer and Volume Mesh
Mesh Appended
Mesh quality (aspect ratio, 1.0 is an equilateral tetrahedron):
  Number of elements: 36456212
  Min / Avg / Max: 1.000 / 1.867 / 65035.247
  Elements with aspect ratio > 3 (distorted): 3343878 (9.17%)
  Elements with aspect ratio > 10 (poor): 726 (0.00%)
  Mesh quality assessment: ACCEPTABLE (some distorted elements)
  aspect ratio 65035.247 at element centroid (5.2592, -21.036, 21.335)
  aspect ratio 12390.881 at element centroid (5.7662, -21.892, 21.601)
  aspect ratio 1345.895 at element centroid (-26.449, -0.079576, -152.39)
  aspect ratio 935.932 at element centroid (0.057194, -24.186, -175.79)
  aspect ratio 781.656 at element centroid (5.0269, -20.856, 21.429)
Number of Nodes: 6116818
Number of Elems: 36456212
Number of Edges: 4020198
Number of Faces: 2680132

Mesh Quality (Aspect Ratio):
Min / Avg / Max: 1.000 / 1.867 / 65035.247
Aspect Ratio > 3 (distorted): 3343878 (9.17%)
Aspect Ratio > 10 (poor): 726 (0.00%)
Assessment: ACCEPTABLE (some distorted elements)
Getting sizing function Surface
Surface triangle quality (before surface remesh), aspect ratio (1.0 is an equilateral triangle):
  Number of triangles: 4218044
  Min / Avg / Max: 1.000 / 1.157 / 46.986
  Aspect ratio > 10: 1, > 30: 1, > 100: 0
  aspect ratio 46.986 at (4.27209, -25.5107, 74.2352), edges 0.122389 0.160426 0.282619
Remeshing surface with MMG...
  -- MMGS, Release 5.3.8 (Apr. 10, 2017) 
     Copyright (c) IMB-LJLL, 2004-
     Jul  6 2026 02:09:01

  -- MMGS: INPUT DATA
  --  INPUT DATA COMPLETED.     0.000s

  &&&&&&&&&&&&&&&&&&&&&&&&&&&&&&&&&&&&&&&&&&&&&&&&&&&&&&&&&&&&
   MODULE MMGS: IMB-LJLL : 5.3.8 (Apr. 10, 2017)
  &&&&&&&&&&&&&&&&&&&&&&&&&&&&&&&&&&&&&&&&&&&&&&&&&&&&&&&&&&&&

  -- PHASE 1 : ANALYSIS

  -- MESH QUALITY   4218044
     BEST   1.000000  AVRG.   0.980352  WRST.   0.042291 (2666216)
  -- PHASE 1 COMPLETED.     3.286s

  -- PHASE 2 : ISOTROPIC MESHING
        78112 splitted,  1499785 collapsed,    78452 swapped, 5 iter.

  -- GRADATION : 1.300000
         1065 splitted,       28 collapsed,       64 swapped, 3 iter.
        90659 splitted,   356083 collapsed,    26568 swapped,  9421952 moved, 2 iter. 
  -- PHASE 2 COMPLETED.     24.569s

  &&&&&&&&&&&&&&&&&&&&&&&&&&&&&&&&&&&&&&&&&&&&&&&&&&&&&&&&&&&&
   END OF MODULE MMGS: IMB-LJLL 
  &&&&&&&&&&&&&&&&&&&&&&&&&&&&&&&&&&&&&&&&&&&&&&&&&&&&&&&&&&&&

  -- MESH QUALITY   896556
     BEST   1.000000  AVRG.   0.971258  WRST.   0.231795 (879789)

  -- MESH PACKED UP
     NUMBER OF VERTICES     448272   CORNERS       10
     NUMBER OF TRIANGLES    896556
     NUMBER OF EDGES          2430   RIDGES      2430

   MMGSLIB: ELAPSED TIME  27.964s
Surface triangle quality (after surface remesh), aspect ratio (1.0 is an equilateral triangle):
  Number of triangles: 888201
  Min / Avg / Max: 1.000 / 1.213 / 8.421
  Aspect ratio > 10: 0, > 30: 0, > 100: 0
Checking surface mesh
Regions: 1
Number of Free Edges on Surface: 695
Number of Non-Manifold Edges on Surface: 0
[GenerateBoundaryLayerMesh] 
[GenerateBoundaryLayerMesh] ========== cvTetGenMeshObject::GenerateBoundaryLayerMesh ==========
[GenerateBoundaryLayerMesh] markerListName: CellEntityIds
Surface triangle quality (fluid/wall interface surface), aspect ratio (1.0 is an equilateral triangle):
  Number of triangles: 888201
  Min / Avg / Max: 1.000 / 1.213 / 8.421
  Aspect ratio > 10: 0, > 30: 0, > 100: 0
[GenerateBoundaryLayerMesh] negateWarpVectors: 1
[GenerateBoundaryLayerMesh] useConstantThickness: 0
[GenerateBoundaryLayerMesh] boundarylayermesh_ has point normals.
Fluid boundary layer options in effect: MaxEdgeSize 0.1953, BLThicknessFactor 0.8, constant thickness 0 (total layer thickness 0.15624), NumSubLayers 3, SubLayerRatio 0.5
Concave curvature vs requested thickness (t/R, before any thickness reduction) [fluid boundary layer, inward]:
  concave points: 444242 of 444428; points with t/R >= 1 / 2 / 4: 0/0/0
  t/R > 1 means the extruded outer surface must self-intersect there whatever the extrusion does;
  points using a near-degenerate triangle (altitude < 0.05 of the longest edge): 0
  no point requests a thickness above its concave radius of curvature
0 tangle triangles found
Wall extrusion depression (warp tilt from outward normal): points tilted >15/30/45 deg: 0/0/0 of 444428
Wall mesh options in effect: WallThickness 0.5, CurvatureFactor 0, SmoothingIterations 0, NumberOfWallLayers 3
  the wall is filled with TetGen tetrahedra in 3 layer(s) through the thickness: 2 offset surface(s) at fractions of the thickness go into the shell as facets the mesher keeps, so each layer is one tetrahedron thick; SmoothingIterations and CurvatureFactor act on the thickness field only
Concave curvature vs requested thickness (t/R, before any thickness reduction) [solid wall, outward]:
  concave points: 155494 of 444428; points with t/R >= 1 / 2 / 4: 270/2/0
  t/R > 1 means the extruded outer surface must self-intersect there whatever the extrusion does;
  points using a near-degenerate triangle (altitude < 0.05 of the longest edge): 0
  concave regions with t/R >= 1: 23 in total (separated by 8.012), worst 8 shown:
    [1] t/R 2.46 (t 0.615, R_typical 0.25027, R_smallest 0.17307) at (-37.999, -27.894, -95.685), 28 points
    [2] t/R 2.24 (t 0.615, R_typical 0.27487, R_smallest 0.19032) at (22.59, -43.028, -90.82), 20 points
    [3] t/R 1.93 (t 0.185, R_typical 0.095792, R_smallest 0.057058) at (-4.1857, -30.123, 71.498), 11 points
    [4] t/R 1.88 (t 1, R_typical 0.53312, R_smallest 0.49049) at (-3.2667, -18.733, -177.7), 25 points
    [5] t/R 1.88 (t 0.825, R_typical 0.43985, R_smallest 0.37062) at (-31.349, -36.111, -149.46), 11 points
    [6] t/R 1.76 (t 0.385, R_typical 0.21898, R_smallest 0.16571) at (-9.2199, -34.288, 65.942), 6 points
    [7] t/R 1.75 (t 0.935, R_typical 0.53477, R_smallest 0.40229) at (25.535, -7.364, -168.57), 21 points
    [8] t/R 1.7 (t 0.485, R_typical 0.28502, R_smallest 0.18638) at (-26.571, -0.56279, -151.9), 16 points
    ... 132 further points with t/R >= 1 in the remaining 15 regions
Wall thickness reduction (final vs requested): points below 90%/50%/25%: 0/0/0 of 444428
  wrote wall_diagnostics.vtp in /work
Wall outer surface and its 2 layer surface(s) as offsets of the interface at 0.333 0.667 1 of the thickness, contoured from one distance field so that they are nested:
  444428 interface points and 888201 triangles
  offset surface: the distance field: the interface, its collars and their search grid
  offset surface: the point cloud and the field on its outer layer
  offset surface: the field on the cloud at this fraction of the thickness (surface 1 of 3, at 0.333 of the thickness)
  offset surface: the Delaunay tetrahedralization of the cloud (surface 1 of 3, at 0.333 of the thickness)
  offset surface: marching tetrahedra over the cloud (surface 1 of 3, at 0.333 of the thickness)
  offset surface: the decimation of the contour to the interface's size (surface 1 of 3, at 0.333 of the thickness)
  offset surface: the field on the cloud at this fraction of the thickness (surface 2 of 3, at 0.667 of the thickness)
  offset surface: the Delaunay tetrahedralization of the cloud (surface 2 of 3, at 0.667 of the thickness)
  offset surface: marching tetrahedra over the cloud (surface 2 of 3, at 0.667 of the thickness)
  offset surface: the decimation of the contour to the interface's size (surface 2 of 3, at 0.667 of the thickness)
  offset surface: the Delaunay tetrahedralization of the cloud (surface 3 of 3, at 1 of the thickness)
  offset surface: marching tetrahedra over the cloud (surface 3 of 3, at 1 of the thickness)
  offset surface: the decimation of the contour to the interface's size (surface 3 of 3, at 1 of the thickness)
  thickness 0.1 to 1.2; 14 cap rims continued by collars of 1390 triangles
  the field was sampled on 1781882 points (the interface and its offsets at 0.5, 1.5 and 3 of the thickness, the last no nearer than 1.5 edges, each offset point 0.1 of its distance off its ray); 11.0 s for the field
  wrote wall_layer_1_of_3_offset.vtp in /work
  surface 1 of 3, at 0.333 of the thickness (layer_1_of_3):
  12731290 tetrahedra over the cloud, 3212441 of them cut by the level (8.4 s); the contour had 2316833 points and 4633678 triangles (16.7 s; 0 cloud points on the level itself, 0 triangles of no area left out, 39 points still off the level after 16 steps); 1720750 edges collapsed onto the level to the interface's own size, leaving 596083 points and 1192178 triangles (155.9 s; 0 operations refused because a triangle they would make passes through a neighbour)
  0 boundary edges before the trim at the caps (the domes over the collar ends come off with it), 0 edges on more than two triangles, 0 traversed the same way twice, 0 triangles passing through another, 0 edges whose two triangles lie on each other within 0.1 degree (0 unfolded by the decimation; the smallest angle between two triangles on an edge is 1.41 degrees)
  wrote wall_layer_2_of_3_offset.vtp in /work
  surface 2 of 3, at 0.667 of the thickness (layer_2_of_3):
  12731290 tetrahedra over the cloud, 3113623 of them cut by the level (7.8 s); the contour had 2215297 points and 4430602 triangles (15.8 s; 0 cloud points on the level itself, 0 triangles of no area left out, 34 points still off the level after 16 steps); 1644798 edges collapsed onto the level to the interface's own size, leaving 570499 points and 1141006 triangles (148.2 s; 4 operations refused because a triangle they would make passes through a neighbour)
  0 boundary edges before the trim at the caps (the domes over the collar ends come off with it), 0 edges on more than two triangles, 0 traversed the same way twice, 0 triangles passing through another, 0 edges whose two triangles lie on each other within 0.1 degree (0 unfolded by the decimation; the smallest angle between two triangles on an edge is 1.14 degrees)
  wrote wall_outer_offset.vtp in /work
  surface 3 of 3, at 1 of the thickness (outer):
  12731290 tetrahedra over the cloud, 3101780 of them cut by the level (7.7 s); the contour had 2207072 points and 4414176 triangles (16.8 s; 0 cloud points on the level itself, 0 triangles of no area left out, 70 points still off the level after 16 steps); 1496998 edges collapsed onto the level to the interface's own size, leaving 710073 points and 1420178 triangles (150.6 s; 1 operations refused because a triangle they would make passes through a neighbour)
  0 boundary edges before the trim at the caps (the domes over the collar ends come off with it), 0 edges on more than two triangles, 0 traversed the same way twice, 0 triangles passing through another, 0 edges whose two triangles lie on each other within 0.1 degree (1 unfolded by the decimation; the smallest angle between two triangles on an edge is 0.855 degrees)
  30962697 field evaluations in all; 573.5 s for the 3 surface(s)
  trimming at the caps by the ownership the offset surface carries
    cap at (-7.3418, -29.886, 73.207): 125 points past its plane came off, 28 moved onto it
    cap at (6.8102, -35.173, 74.946): 125 points past its plane came off, 29 moved onto it
    cap at (-2.6776, -58.699, 106.67): 446 points past its plane came off, 96 moved onto it
    cap at (-5.6895, -15.775, -232.43): 712 points past its plane came off, 130 moved onto it
    cap at (39.285, 24.673, -258.76): 438 points past its plane came off, 85 moved onto it
    cap at (0.419, -54.434, 104.62): 461 points past its plane came off, 96 moved onto it
    cap at (58.972, -36.628, -160.44): 253 points past its plane came off, 54 moved onto it
    cap at (-60.305, 0.91881, -157.28): 280 points past its plane came off, 51 moved onto it
    cap at (-35.56, -36.52, -54.919): 162 points past its plane came off, 37 moved onto it
    cap at (-13.406, 0.15252, 73.486): 200 points past its plane came off, 39 moved onto it
    cap at (22.955, -41.342, -58.301): 184 points past its plane came off, 37 moved onto it
    cap at (26.505, -42.075, 71.178): 169 points past its plane came off, 46 moved onto it
    cap at (-33.561, -49.483, 72.016): 174 points past its plane came off, 43 moved onto it
    cap at (12.466, -0.65294, 64.354): 199 points past its plane came off, 39 moved onto it
    7029 triangles past a plane removed, 180 split along one, 1528 dropped for touching the kept side only along an edge or at a point or for lying flat in the plane; 710073 -> 706226 points, 1420178 -> 1411621 triangles; 891 rim edges, the shortest 0.259 of the local edge, the smallest angle between a rim triangle and its plane 76.31 degrees
  trimmed the offset surface at 14 cap planes, leaving 706226 points and 1411621 triangles
    cap at (-7.3418, -29.886, 73.207): inner rim 22 points, trimmed rim 31 points (radius 0.2976, wall 0.1, rim edge 0.082362)
    cap at (6.8102, -35.173, 74.946): inner rim 22 points, trimmed rim 36 points (radius 0.3147, wall 0.1, rim edge 0.081727)
    cap at (-2.6776, -58.699, 106.67): inner rim 82 points, trimmed rim 99 points (radius 1.1954, wall 0.1, rim edge 0.090062)
    cap at (-5.6895, -15.775, -232.43): inner rim 125 points, trimmed rim 134 points (radius 19.677, wall 1.2, rim edge 0.92193)
    cap at (39.285, 24.673, -258.76): inner rim 74 points, trimmed rim 88 points (radius 11.423, wall 1.2, rim edge 0.91834)
    cap at (0.419, -54.434, 104.62): inner rim 88 points, trimmed rim 104 points (radius 1.2136, wall 0.1, rim edge 0.086109)
    cap at (58.972, -36.628, -160.44): inner rim 46 points, trimmed rim 60 points (radius 4.115, wall 0.67, rim edge 0.54598)
    cap at (-60.305, 0.91881, -157.28): inner rim 50 points, trimmed rim 57 points (radius 4.3218, wall 0.67, rim edge 0.50408)
    cap at (-35.56, -36.52, -54.919): inner rim 28 points, trimmed rim 39 points (radius 1.412, wall 0.38, rim edge 0.30159)
    cap at (-13.406, 0.15252, 73.486): inner rim 35 points, trimmed rim 58 points (radius 1.0566, wall 0.27, rim edge 0.1873)
    cap at (22.955, -41.342, -58.301): inner rim 32 points, trimmed rim 46 points (radius 1.5251, wall 0.38, rim edge 0.29138)
    cap at (26.505, -42.075, 71.178): inner rim 28 points, trimmed rim 48 points (radius 1.3675, wall 0.36, rim edge 0.28424)
    cap at (-33.561, -49.483, 72.016): inner rim 29 points, trimmed rim 47 points (radius 1.5171, wall 0.36, rim edge 0.31371)
    cap at (12.466, -0.65294, 64.354): inner rim 34 points, trimmed rim 44 points (radius 1.0456, wall 0.27, rim edge 0.17973)
Surface triangle quality (outer wall offset), aspect ratio (1.0 is an equilateral triangle):
  Number of triangles: 1411621
  Min / Avg / Max: 1.000 / 1.626 / 67.383
  Aspect ratio > 10: 231, > 30: 30, > 100: 0
  aspect ratio 67.383 at (26.6498, -29.9598, -79.3088), edges 0.600964 0.357029 0.957655
  aspect ratio 67.282 at (24.4255, -36.6987, -58.4568), edges 1.03934 0.6434 0.396303
  aspect ratio 66.063 at (24.4539, -36.6854, -58.3806), edges 0.64301 0.396707 1.03934
  aspect ratio 63.990 at (-13.3197, -49.2575, 62.9821), edges 0.565438 0.360018 0.205643
  aspect ratio 63.608 at (21.8552, -32.2914, -85.0487), edges 0.964349 0.597683 0.367045
Offset wall thickness [solid wall, offset]:
  offset surface to inner surface, over 706226 of its points: below 90%/50%/25% of the requested thickness at 0/0/0, worst 0.906
    this is the construction, not the shape: every outer point was put a wall from the interface, so a shortfall is the construction giving it back - a vertex normal leaning against its facets reads a percent or two short, and a point left inside a fold reads far shorter
  inner surface to offset surface, over 444428 of its points: below 90%/50%/25% at 1/0/0, worst 0.866, thickest 4.03x requested
    this is the wall over the interface. Above one at a junction is the crease filling it, which is intended; below one is wall that is missing
    874 points carry more than twice the wall asked for, in 14 regions (separated by 8.012), thickest 8 shown:
      [1] ratio 4.03 (requested 0.1) at (13.09, -34.745, 75.37), 287 points
      [2] ratio 3.88 (requested 0.1) at (-15.593, -32.886, 76.575), 235 points
      [3] ratio 3.60 (requested 0.38) at (-38.085, -28.095, -95.549), 40 points
      [4] ratio 3.49 (requested 0.1) at (-4.1536, -30.145, 71.572), 22 points
      [5] ratio 3.27 (requested 0.18) at (7.8729, -37.209, 66.195), 16 points
      [6] ratio 3.20 (requested 0.1) at (-2.1794, -48.171, 95.196), 193 points
      [7] ratio 2.97 (requested 0.3) at (5.2261, -21.152, 21.472), 11 points
      [8] ratio 2.90 (requested 0.27) at (-9.1943, -34.896, 65.701), 12 points
      ... 58 further points in the remaining 6 regions
      a region at a branch crotch is the crease and is expected; a region on the plain side of a vessel means the wall has reached another vessel passing close by, and the local wall thickness on those faces has to come below half the gap
    regions below 90%: 1 in total (separated by 8.012), worst 1 shown:
      [1] ratio 0.866 (requested 0.5) at (13.091, -34.898, 75.338), 1 points
  wrote wall_offset_diagnostics.vtp in /work
  the smallest angle between two triangles on an edge of the trimmed outer wall offset surface is 4.66 degrees (the mesher refuses under 0.1)
  trimming at the caps by the ownership the offset surface carries
    cap at (-7.3418, -29.886, 73.207): 128 points past its plane came off, 24 moved onto it
    cap at (6.8102, -35.173, 74.946): 125 points past its plane came off, 25 moved onto it
    cap at (-2.6776, -58.699, 106.67): 449 points past its plane came off, 89 moved onto it
    cap at (-5.6895, -15.775, -232.43): 726 points past its plane came off, 127 moved onto it
    cap at (39.285, 24.673, -258.76): 436 points past its plane came off, 74 moved onto it
    cap at (0.419, -54.434, 104.62): 468 points past its plane came off, 96 moved onto it
    cap at (58.972, -36.628, -160.44): 264 points past its plane came off, 51 moved onto it
    cap at (-60.305, 0.91881, -157.28): 284 points past its plane came off, 52 moved onto it
    cap at (-35.56, -36.52, -54.919): 160 points past its plane came off, 29 moved onto it
    cap at (-13.406, 0.15252, 73.486): 183 points past its plane came off, 39 moved onto it
    cap at (22.955, -41.342, -58.301): 186 points past its plane came off, 34 moved onto it
    cap at (26.505, -42.075, 71.178): 169 points past its plane came off, 34 moved onto it
    cap at (-33.561, -49.483, 72.016): 171 points past its plane came off, 34 moved onto it
    cap at (12.466, -0.65294, 64.354): 193 points past its plane came off, 36 moved onto it
    7198 triangles past a plane removed, 58 split along one, 1377 dropped for touching the kept side only along an edge or at a point or for lying flat in the plane; 596083 -> 592160 points, 1192178 -> 1183597 triangles; 763 rim edges, the shortest 0.260 of the local edge, the smallest angle between a rim triangle and its plane 74.55 degrees
  trimmed the offset surface at 14 cap planes, leaving 592160 points and 1183597 triangles
    cap at (-7.3418, -29.886, 73.207): inner rim 22 points, trimmed rim 25 points (radius 0.2976, wall 0.033333, rim edge 0.082362)
    cap at (6.8102, -35.173, 74.946): inner rim 22 points, trimmed rim 26 points (radius 0.3147, wall 0.033333, rim edge 0.081727)
    cap at (-2.6776, -58.699, 106.67): inner rim 82 points, trimmed rim 94 points (radius 1.1954, wall 0.033333, rim edge 0.090062)
    cap at (-5.6895, -15.775, -232.43): inner rim 125 points, trimmed rim 125 points (radius 19.677, wall 0.4, rim edge 0.92193)
    cap at (39.285, 24.673, -258.76): inner rim 74 points, trimmed rim 80 points (radius 11.423, wall 0.4, rim edge 0.91834)
    cap at (0.419, -54.434, 104.62): inner rim 88 points, trimmed rim 99 points (radius 1.2136, wall 0.033333, rim edge 0.086109)
    cap at (58.972, -36.628, -160.44): inner rim 46 points, trimmed rim 52 points (radius 4.115, wall 0.22333, rim edge 0.54598)
    cap at (-60.305, 0.91881, -157.28): inner rim 50 points, trimmed rim 53 points (radius 4.3218, wall 0.22333, rim edge 0.50408)
    cap at (-35.56, -36.52, -54.919): inner rim 28 points, trimmed rim 30 points (radius 1.412, wall 0.12667, rim edge 0.30159)
    cap at (-13.406, 0.15252, 73.486): inner rim 35 points, trimmed rim 39 points (radius 1.0566, wall 0.09, rim edge 0.1873)
    cap at (22.955, -41.342, -58.301): inner rim 32 points, trimmed rim 35 points (radius 1.5251, wall 0.12667, rim edge 0.29138)
    cap at (26.505, -42.075, 71.178): inner rim 28 points, trimmed rim 35 points (radius 1.3675, wall 0.12, rim edge 0.28424)
    cap at (-33.561, -49.483, 72.016): inner rim 29 points, trimmed rim 34 points (radius 1.5171, wall 0.12, rim edge 0.31371)
    cap at (12.466, -0.65294, 64.354): inner rim 34 points, trimmed rim 36 points (radius 1.0456, wall 0.09, rim edge 0.17973)
  the smallest angle between two triangles on an edge of the trimmed layer surface 1 of 3 is 6.02 degrees
Surface triangle quality (wall layer 1 of 3 offset), aspect ratio (1.0 is an equilateral triangle):
  Number of triangles: 1183597
  Min / Avg / Max: 1.000 / 1.620 / 85.113
  Aspect ratio > 10: 238, > 30: 32, > 100: 0
  aspect ratio 85.113 at (13.2902, -0.0908262, 63.5898), edges 0.185162 0.0693762 0.254472
  aspect ratio 83.337 at (6.21827, -35.4683, 74.954), edges 0.117736 0.0863418 0.0314272
  aspect ratio 81.129 at (13.2604, -0.0700166, 63.5767), edges 0.254472 0.185363 0.0691823
  aspect ratio 79.902 at (30.5619, -34.938, -75.8128), edges 0.854125 0.623848 0.230532
  aspect ratio 78.167 at (-3.40798, -38.8613, 79.9068), edges 0.165591 0.0623513 0.227872
  wall layer surface 1 of 3 at 0.333 of the thickness: 592160 points, 1183597 triangles, trimmed at 14 cap planes
  trimming at the caps by the ownership the offset surface carries
    cap at (-7.3418, -29.886, 73.207): 140 points past its plane came off, 21 moved onto it
    cap at (6.8102, -35.173, 74.946): 138 points past its plane came off, 23 moved onto it
    cap at (-2.6776, -58.699, 106.67): 468 points past its plane came off, 72 moved onto it
    cap at (-5.6895, -15.775, -232.43): 697 points past its plane came off, 100 moved onto it
    cap at (39.285, 24.673, -258.76): 437 points past its plane came off, 61 moved onto it
    cap at (0.419, -54.434, 104.62): 476 points past its plane came off, 77 moved onto it
    cap at (58.972, -36.628, -160.44): 267 points past its plane came off, 34 moved onto it
    cap at (-60.305, 0.91881, -157.28): 293 points past its plane came off, 44 moved onto it
    cap at (-35.56, -36.52, -54.919): 168 points past its plane came off, 24 moved onto it
    cap at (-13.406, 0.15252, 73.486): 191 points past its plane came off, 24 moved onto it
    cap at (22.955, -41.342, -58.301): 183 points past its plane came off, 23 moved onto it
    cap at (26.505, -42.075, 71.178): 182 points past its plane came off, 26 moved onto it
    cap at (-33.561, -49.483, 72.016): 182 points past its plane came off, 27 moved onto it
    cap at (12.466, -0.65294, 64.354): 195 points past its plane came off, 26 moved onto it
    7256 triangles past a plane removed, 502 split along one, 1091 dropped for touching the kept side only along an edge or at a point or for lying flat in the plane; 570499 -> 566755 points, 1141006 -> 1132691 triangles; 855 rim edges, the shortest 0.251 of the local edge, the smallest angle between a rim triangle and its plane 76.52 degrees
  trimmed the offset surface at 14 cap planes, leaving 566755 points and 1132691 triangles
    cap at (-7.3418, -29.886, 73.207): inner rim 22 points, trimmed rim 36 points (radius 0.2976, wall 0.066667, rim edge 0.082362)
    cap at (6.8102, -35.173, 74.946): inner rim 22 points, trimmed rim 33 points (radius 0.3147, wall 0.066667, rim edge 0.081727)
    cap at (-2.6776, -58.699, 106.67): inner rim 82 points, trimmed rim 98 points (radius 1.1954, wall 0.066667, rim edge 0.090062)
    cap at (-5.6895, -15.775, -232.43): inner rim 125 points, trimmed rim 134 points (radius 19.677, wall 0.8, rim edge 0.92193)
    cap at (39.285, 24.673, -258.76): inner rim 74 points, trimmed rim 83 points (radius 11.423, wall 0.8, rim edge 0.91834)
    cap at (0.419, -54.434, 104.62): inner rim 88 points, trimmed rim 104 points (radius 1.2136, wall 0.066667, rim edge 0.086109)
    cap at (58.972, -36.628, -160.44): inner rim 46 points, trimmed rim 61 points (radius 4.115, wall 0.44667, rim edge 0.54598)
    cap at (-60.305, 0.91881, -157.28): inner rim 50 points, trimmed rim 53 points (radius 4.3218, wall 0.44667, rim edge 0.50408)
    cap at (-35.56, -36.52, -54.919): inner rim 28 points, trimmed rim 36 points (radius 1.412, wall 0.25333, rim edge 0.30159)
    cap at (-13.406, 0.15252, 73.486): inner rim 35 points, trimmed rim 48 points (radius 1.0566, wall 0.18, rim edge 0.1873)
    cap at (22.955, -41.342, -58.301): inner rim 32 points, trimmed rim 47 points (radius 1.5251, wall 0.25333, rim edge 0.29138)
    cap at (26.505, -42.075, 71.178): inner rim 28 points, trimmed rim 39 points (radius 1.3675, wall 0.24, rim edge 0.28424)
    cap at (-33.561, -49.483, 72.016): inner rim 29 points, trimmed rim 40 points (radius 1.5171, wall 0.24, rim edge 0.31371)
    cap at (12.466, -0.65294, 64.354): inner rim 34 points, trimmed rim 43 points (radius 1.0456, wall 0.18, rim edge 0.17973)
  the smallest angle between two triangles on an edge of the trimmed layer surface 2 of 3 is 2.74 degrees
Surface triangle quality (wall layer 2 of 3 offset), aspect ratio (1.0 is an equilateral triangle):
  Number of triangles: 1132691
  Min / Avg / Max: 1.000 / 1.790 / 92.289
  Aspect ratio > 10: 802, > 30: 36, > 100: 0
  aspect ratio 92.289 at (-25.4211, -30.6257, -76.8056), edges 0.0945634 0.341002 0.435453
  aspect ratio 86.919 at (-5.90347, -26.3207, 74.2061), edges 0.324262 0.0549151 0.269461
  aspect ratio 76.462 at (5.65959, -31.6814, 78.7638), edges 0.0370096 0.172017 0.208934
  aspect ratio 71.945 at (-6.21067, -29.9048, 73.834), edges 0.0238259 0.102894 0.12666
  aspect ratio 71.283 at (-5.88556, -26.3501, 74.2684), edges 0.055997 0.268432 0.324262
  wall layer surface 2 of 3 at 0.667 of the thickness: 566755 points, 1132691 triangles, trimmed at 14 cap planes
Filling the wall with TetGen tetrahedra: shell surface has 2309569 points and 4620932 triangles closing 14 vessel ends
  the shell has 1618 edges on three facets (the rims of the layer surfaces), 0 wound against each other, 0 triangles passing through another, 0 edges whose two triangles lie on each other (the smallest angle between two triangles on an edge is 2.74 degrees)
  the shell carries 2321110 layer-surface triangles as facets inside the wall
  3 layers: the fill's quality bounds are loosened to radius-edge 2 and dihedral 5 degrees
  TetGen wall fill started...
Delaunizing vertices...
Delaunay seconds:  8.05062
Creating surface mesh ...
Surface mesh seconds:  5.3361
Recovering boundaries...
Boundary recovery seconds:  18.7172
Removing exterior tetrahedra ...
Exterior tets removal seconds:  3.47565
Recovering Delaunayness...
Delaunay recovery seconds:  6.31228
Refining mesh...
Refinement seconds:  5.38778
Optimizing mesh...
Optimization seconds:  2.91186

Writing nodes.
Writing elements.
Writing faces.
Writing edges.
Writing neighbors.

Output seconds:  2.05213
Total running seconds:  52.3026

Statistics:

  Input points: 2309569
  Input facets: 4620932
  Input holes: 0
  Input regions: 0

  Mesh points: 2311170
  Mesh tetrahedra: 11171884
  Mesh faces: 23496090
  Mesh faces on facets: 4620932
  Mesh edges on segments: 6930589
  Steiner points inside domain: 1601

  TetGen wall fill finished
  wall filled with 11171884 tetrahedra on 2311170 nodes
  wall boundary tagged from 4620932 TetGen boundary faces: 888201 interface, 1411621 outer, 0 side wall triangles (shell had 888201, 1411621, 0), 2321110 faces of layer surfaces inside the wall left out (shell had 2321110); the outer wall is ModelFaceID 41
Getting sizing function caps
Got function caps
Iteration 1/10
Iteration 2/10
Iteration 3/10
Iteration 4/10
Iteration 5/10
Iteration 6/10
Iteration 7/10
Iteration 8/10
Iteration 9/10
Iteration 10/10
Final mesh improvement
Converting to TetGen...
Adding mesh sizing metric...
TetGen Meshing Started...
Delaunizing vertices...
Delaunay seconds:  1.48548
Creating surface mesh ...
Surface mesh seconds:  0.673399
Recovering boundaries...
Boundary recovery seconds:  2.87072
Removing exterior tetrahedra ...
Exterior tets removal seconds:  0.986408
Recovering Delaunayness...
Delaunay recovery seconds:  0.585892
Refining mesh...
Refinement seconds:  111.197
Optimizing mesh...
Optimization seconds:  6.35736

Writing nodes.
Writing elements.
Writing faces.
Writing edges.
Writing metrics.
Writing neighbors.

Output seconds:  2.38476
Total running seconds:  126.546

Statistics:

  Input points: 447689
  Input facets: 895390
  Input holes: 0
  Input regions: 0

  Mesh points: 3450250
  Mesh tetrahedra: 20468594
  Mesh faces: 41384883
  Mesh faces on facets: 895390
  Mesh edges on segments: 1343085
  Steiner points inside domain: 3002561

TetGen Meshing Finished...
Note: the NewRegionBoundaryLayer option is ignored when generating a wall mesh
Appending Boundary Layer and Volume Mesh
Mesh Appended
Mesh quality (aspect ratio, 1.0 is an equilateral tetrahedron):
  Number of elements: 39634287
  Min / Avg / Max: 1.000 / 1.918 / 456.708
  Elements with aspect ratio > 3 (distorted): 4201162 (10.60%)
  Elements with aspect ratio > 10 (poor): 6591 (0.02%)
  Mesh quality assessment: ACCEPTABLE (some distorted elements)
  aspect ratio 456.708 at element centroid (3.0484, -33.266, 73.732)
  aspect ratio 169.444 at element centroid (-6.2677, -16.437, -180.03)
  aspect ratio 123.232 at element centroid (-1.527, -58.793, 106.22)
  aspect ratio 116.988 at element centroid (4.7466, -37.583, 65.908)
  aspect ratio 100.090 at element centroid (27.873, -16.826, -61.324)
Number of Nodes: 6650276
Number of Elems: 39634287
Number of Edges: 4806306
Number of Faces: 3204204

Mesh Quality (Aspect Ratio):
Min / Avg / Max: 1.000 / 1.918 / 456.708
Aspect Ratio > 3 (distorted): 4201162 (10.60%)
Aspect Ratio > 10 (poor): 6591 (0.02%)
Assessment: ACCEPTABLE (some distorted elements)
