Reading plugin paths SV_PLUGIN_PATH environment variable...


[Thu Oct  1 08:19:44 2026 
2.191] Logfile: /home/sv/.local/share/SimVascular/SimVascularApplication_1346365552482340104/data/9/mitk-0.log
[2.195] OpenCASCADE module loaded.
sv4guiDataManagerPluginActivator::start()
sv4guiMeshingPluginActivator::start()
[2.541] BlueBerry Workbench ready
Expand
Expand
Expand
Expand
!32.861! WARNING: QPainter::end: Painter ended with 2 saved states
!32.861! WARNING: QPainter::end: Painter ended with 2 saved states
!32.861! WARNING: QPainter::end: Painter ended with 2 saved states
!33.832! WARNING: QPainter::end: Painter ended with 2 saved states
!33.832! WARNING: QPainter::end: Painter ended with 2 saved states
!33.832! WARNING: QPainter::end: Painter ended with 2 saved states
!33.900! WARNING: QPainter::end: Painter ended with 2 saved states
!33.900! WARNING: QPainter::end: Painter ended with 2 saved states
!33.900! WARNING: QPainter::end: Painter ended with 2 saved states
Expand
Expand
Expand
Expand
!62.074! WARNING: QPainter::end: Painter ended with 2 saved states
!62.074! WARNING: QPainter::end: Painter ended with 2 saved states
!62.074! WARNING: QPainter::end: Painter ended with 2 saved states
Expand
Expand
Expand
Expand
!97.314! WARNING: QPainter::end: Painter ended with 2 saved states
!97.314! WARNING: QPainter::end: Painter ended with 2 saved states
!97.314! WARNING: QPainter::end: Painter ended with 2 saved states
[sv4guiMeshLegacyIO::WriteFiles] Writing domain 1
[sv4guiMeshLegacyIO::WriteFiles] Writing domain 2
[sv4guiMeshLegacyIO::WriteFiles] Face id 41 is not a face of the model; written as mesh-surfaces/wall_outer.vtp
!168.925! WARNING: QPainter::end: Painter ended with 2 saved states
!168.962! WARNING: QPainter::end: Painter ended with 2 saved states
!170.592! WARNING: QPainter::end: Painter ended with 2 saved states
!170.670! WARNING: QPainter::end: Painter ended with 2 saved states
[sv4guiMeshLegacyIO::WriteFiles] Writing domain 1
[sv4guiMeshLegacyIO::WriteFiles] Writing domain 2
[sv4guiMeshLegacyIO::WriteFiles] Face id 41 is not a face of the model; written as mesh-surfaces/wall_outer.vtp
[237.305] Closing workbench...
!237.367! WARNING: Empty filename passed to function
[237.382] closing logfile (/home/sv/.local/share/SimVascular/SimVascularApplication_1346365552482340104/data/9/mitk-0.log)
