Reading plugin paths SV_PLUGIN_PATH environment variable...


[Thu Oct  1 13:17:45 2026 
2.220] Logfile: /home/sv/.local/share/SimVascular/SimVascularApplication_1346365552482340104/data/9/mitk-0.log
[2.224] OpenCASCADE module loaded.
sv4guiDataManagerPluginActivator::start()
sv4guiMeshingPluginActivator::start()
[2.591] BlueBerry Workbench ready
Expand
Expand
Expand
Expand
!35.072! WARNING: QPainter::end: Painter ended with 2 saved states
!35.073! WARNING: QPainter::end: Painter ended with 2 saved states
!35.073! WARNING: QPainter::end: Painter ended with 2 saved states
!36.179! WARNING: QPainter::end: Painter ended with 2 saved states
!36.180! WARNING: QPainter::end: Painter ended with 2 saved states
!36.181! WARNING: QPainter::end: Painter ended with 2 saved states
!36.236! WARNING: QPainter::end: Painter ended with 2 saved states
!36.236! WARNING: QPainter::end: Painter ended with 2 saved states
!36.236! WARNING: QPainter::end: Painter ended with 2 saved states
[sv4guiMeshLegacyIO::WriteFiles] Writing domain 1
[sv4guiMeshLegacyIO::WriteFiles] Writing domain 2
[sv4guiMeshLegacyIO::WriteFiles] Face id 41 is not a face of the model; written as mesh-surfaces/wall_outer.vtp
